[cdn.wegic.ai/assets/onepage/thread/icon/135acd60-5f14-4567-b7aa-f880132becb0.png]
[backblue.gif]
[fade.gif]
[index.html]
[cdn.wegic.ai/assets/onepage/thread/thumbnail/1867204374601216001/1740088297238.png]
[cdn.wegic.ai/assets/onepage/img/087b735c-12ae-499c-8d16-dced7f8c99d1e711.webp]
[cdn.wegic.ai/assets/onepage/img/051483ae-32e3-4a6c-97ce-16410f2841c3e711.webp]
[cdn.wegic.ai/assets/onepage/img/bf741e55-9c13-499d-9e51-f3e7b5a4dba7e711.webp]
[cdn.wegic.ai/assets/onepage/img/72fc205a-774d-429f-90b6-12193e7fc910e711.webp]
[cdn.wegic.ai/assets/onepage/img/19a6f813-57bb-4a20-a142-d35e02af23ffe711.webp]
[cdn.wegic.ai/assets/onepage/img/6bef3db3-70c2-43b6-8ef1-8c4d7365904fe711.webp]
[cdn.wegic.ai/assets/onepage/img/358de582-fef1-4b30-9923-f86c89ad1cd2e711.webp]
[cdn.wegic.ai/assets/onepage/img/ca58bda6-2fcf-4b2c-9213-55ba645da9d6e711.webp]
[cdn.wegic.ai/assets/onepage/img/b223888b-6c03-4ec0-b773-3135efe8ee6fe711.webp]
[cdn.wegic.ai/assets/onepage/img/8da57f6e-5cf5-47f0-827e-020ba60c46ade711.webp]
[kinglion.wegic.app/static/js/preloadImage.js]
[kinglion.wegic.app/static/js/fontawesom@6.5.1.js]
[kinglion.wegic.app/static/js/tailwindcss@3.3.5.js]
[kinglion.wegic.app/static/js/chunk-index-VBe6ZgAS.js]
[kinglion.wegic.app/static/js/chunk-Loading-CboArzLc.js]
[kinglion.wegic.app/static/css/index-BSqrf8J2.css]
[txcdn.wegic.ai/assets/onepage/thread/js/1867208320132657153/1740136756859.js]
[kinglion.wegic.app/index.html]
[kinglion.wegic.app/static/js/chunk-index-CGJj6kQj.js]
[kinglion.wegic.app/static/css/index-BSqrf8J2.css]
